// Jest Snapshot v1, https://goo.gl/fbAQLP

exports[`Calculator render should render correctly 1`] = `
<WithStyles(ForwardRef(Paper))
  className="makeStyles-calculator-1"
>
  <Styled(MuiBox)
    bgcolor="background.paper"
    boxShadow={2}
    className="makeStyles-calculatorScreen-3"
    id="screen"
  >
    0
  </Styled(MuiBox)>
  <WithStyles(ForwardRef(Button))
    className="makeStyles-calculatorButton-2"
    color="secondary"
    id="operand7"
    onClick={[Function]}
    variant="contained"
  >
    7
  </WithStyles(ForwardRef(Button))>
  <WithStyles(ForwardRef(Button))
    className="makeStyles-calculatorButton-2"
    color="secondary"
    id="operand8"
    onClick={[Function]}
    variant="contained"
  >
    8
  </WithStyles(ForwardRef(Button))>
  <WithStyles(ForwardRef(Button))
    className="makeStyles-calculatorButton-2"
    color="secondary"
    id="operand9"
    onClick={[Function]}
    variant="contained"
  >
    9
  </WithStyles(ForwardRef(Button))>
  <WithStyles(ForwardRef(Button))
    className="makeStyles-calculatorButton-2"
    color="secondary"
    id="operatorAddition"
    onClick={[Function]}
    variant="contained"
  >
    +
  </WithStyles(ForwardRef(Button))>
  <WithStyles(ForwardRef(Button))
    className="makeStyles-calculatorButton-2"
    color="secondary"
    id="operand4"
    onClick={[Function]}
    variant="contained"
  >
    4
  </WithStyles(ForwardRef(Button))>
  <WithStyles(ForwardRef(Button))
    className="makeStyles-calculatorButton-2"
    color="secondary"
    id="operand5"
    onClick={[Function]}
    variant="contained"
  >
    5
  </WithStyles(ForwardRef(Button))>
  <WithStyles(ForwardRef(Button))
    className="makeStyles-calculatorButton-2"
    color="secondary"
    id="operand6"
    onClick={[Function]}
    variant="contained"
  >
    6
  </WithStyles(ForwardRef(Button))>
  <WithStyles(ForwardRef(Button))
    className="makeStyles-calculatorButton-2"
    color="secondary"
    id="operatorSubtraction"
    onClick={[Function]}
    variant="contained"
  >
    -
  </WithStyles(ForwardRef(Button))>
  <WithStyles(ForwardRef(Button))
    className="makeStyles-calculatorButton-2"
    color="secondary"
    id="operand1"
    onClick={[Function]}
    variant="contained"
  >
    1
  </WithStyles(ForwardRef(Button))>
  <WithStyles(ForwardRef(Button))
    className="makeStyles-calculatorButton-2"
    color="secondary"
    id="operand2"
    onClick={[Function]}
    variant="contained"
  >
    2
  </WithStyles(ForwardRef(Button))>
  <WithStyles(ForwardRef(Button))
    className="makeStyles-calculatorButton-2"
    color="secondary"
    id="operand3"
    onClick={[Function]}
    variant="contained"
  >
    3
  </WithStyles(ForwardRef(Button))>
  <WithStyles(ForwardRef(Button))
    className="makeStyles-calculatorButton-2"
    color="secondary"
    id="operatorMultiplication"
    onClick={[Function]}
    variant="contained"
  >
    *
  </WithStyles(ForwardRef(Button))>
  <WithStyles(ForwardRef(Button))
    className="makeStyles-calculatorButton-2"
    color="secondary"
    id="operatorCancel"
    onClick={[Function]}
    variant="contained"
  >
    C
  </WithStyles(ForwardRef(Button))>
  <WithStyles(ForwardRef(Button))
    className="makeStyles-calculatorButton-2"
    color="secondary"
    id="operand0"
    onClick={[Function]}
    variant="contained"
  >
    0
  </WithStyles(ForwardRef(Button))>
  <WithStyles(ForwardRef(Button))
    className="makeStyles-calculatorButton-2"
    color="secondary"
    id="operatorEqual"
    onClick={[Function]}
    variant="contained"
  >
    =
  </WithStyles(ForwardRef(Button))>
  <WithStyles(ForwardRef(Button))
    className="makeStyles-calculatorButton-2"
    color="secondary"
    id="operatorDivision"
    onClick={[Function]}
    variant="contained"
  >
    /
  </WithStyles(ForwardRef(Button))>
  <img
    alt="logo"
    className="makeStyles-calculatorLogo-4"
    src="logo.png"
  />
</WithStyles(ForwardRef(Paper))>
`;
